desc:300 shares ABC,buyDateStr:01/12/2011,costBasis:234.56,sellDateStr:02/01/2011,saleProceeds:245.23,entryCode:321
desc:100 shares XYZ,buyDateStr:03/12/2011,costBasis:5678.90,sellDateStr:05/01/2011,saleProceeds:6783.53,entryCode:321
